../Core/Src/main.c:78:5:get_distance	4
../Core/Src/main.c:97:6:add_queue	2
../Core/Src/main.c:108:5:average_queue2	3
../Core/Src/main.c:128:5:last_average_queue2	4
../Core/Src/main.c:158:5:main	3
../Core/Src/main.c:222:6:SystemClock_Config	4
../Core/Src/main.c:283:13:MX_TIM16_Init	2
../Core/Src/main.c:315:13:MX_USART1_UART_Init	2
../Core/Src/main.c:350:13:MX_USART2_UART_Init	2
../Core/Src/main.c:385:13:MX_GPIO_Init	1
../Core/Src/main.c:439:6:HAL_UART_RxCpltCallback	6
../Core/Src/main.c:472:6:Error_Handler	1
